
> motorway-oil-enterprise@4.0.0 build
> tsc -b && vite build

src/App.tsx(65,29): error TS2322: Type '{ userId: any; name: any; email: any; phone: any; role: string; theme: string; language: string; businessUnit: string; }' is not assignable to type 'BackendUser | LocalUser | null | undefined'.
  Type '{ userId: any; name: any; email: any; phone: any; role: string; theme: string; language: string; businessUnit: string; }' is missing the following properties from type 'LocalUser': organizationId, stationId
src/App.tsx(188,39): error TS2322: Type '{ onNavigate: (path: string) => void; }' is not assignable to type 'IntrinsicAttributes'.
  Property 'onNavigate' does not exist on type 'IntrinsicAttributes'.
src/App.tsx(226,42): error TS2322: Type '{ onNavigate: (path: string) => void; }' is not assignable to type 'IntrinsicAttributes'.
  Property 'onNavigate' does not exist on type 'IntrinsicAttributes'.
src/components/audit/DateRangeFilter.tsx(1,1): error TS6133: 'Button' is declared but its value is never read.
src/components/dashboard/DashboardKitV9.tsx(104,30): error TS6133: 'hue' is declared but its value is never read.
src/components/layout/GlobalHeader.tsx(443,77): error TS2339: Property 'clearAllData' does not exist on type 'AuthState'.
src/components/shifts/ShiftWizard.tsx(227,17): error TS2353: Object literal may only specify known properties, and 'endTime' does not exist in type 'Partial<ShiftClosingWizardState>'.
src/components/shifts/ShiftWizard.tsx(494,67): error TS2322: Type '{ background: string; ringColor: string; boxShadow: `0 4px 16px ${string}50` | `0 2px 8px ${string}30`; } | {}' is not assignable to type 'MotionStyle | undefined'.
  Object literal may only specify known properties, and 'ringColor' does not exist in type 'MotionStyle'.
src/components/shifts/steps/StepCredits.tsx(71,17): error TS2353: Object literal may only specify known properties, and 'currentBalance' does not exist in type 'Omit<Customer, "currentBalance" | "createdAt" | "customerId">'.
src/components/shifts/steps/StepCredits.tsx(199,17): error TS2322: Type 'Transaction | { id: `${string}-${string}-${string}-${string}-${string}`; type: "CREDIT_SALE" | "RECOVERY"; amount: number; customerId: string; customerName: string; timestamp: string; }' is not assignable to type 'Transaction'.
  Type '{ id: `${string}-${string}-${string}-${string}-${string}`; type: "CREDIT_SALE" | "RECOVERY"; amount: number; customerId: string; customerName: string; timestamp: string; }' is missing the following properties from type 'Transaction': tenantId, businessUnit
src/components/shifts/steps/StepCredits.tsx(200,17): error TS2739: Type '{ id: `${string}-${string}-${string}-${string}-${string}`; type: "CREDIT_SALE" | "RECOVERY"; amount: number; customerId: string; customerName: string; timestamp: string; }' is missing the following properties from type 'Transaction': tenantId, businessUnit
src/components/shifts/steps/StepFinance.tsx(149,17): error TS2353: Object literal may only specify known properties, and 'currentPayable' does not exist in type 'Omit<Supplier, "createdAt" | "supplierId" | "currentPayable">'.
src/components/shifts/steps/StepFinance.tsx(361,21): error TS2322: Type 'ShiftExpenseCategory' is not assignable to type 'ExpenseCategory | undefined'.
  Type '"PETTY_CASH"' is not assignable to type 'ExpenseCategory | undefined'.
src/components/shifts/steps/StepFinance.tsx(363,21): error TS2322: Type 'Transaction | { id: `${string}-${string}-${string}-${string}-${string}`; type: "EXPENSE"; amount: number; expenseCategory: ShiftExpenseCategory; description: string; staffId: string | undefined; staffName: string | undefined; timestamp: string; }' is not assignable to type 'Transaction'.
  Object literal may only specify known properties, and 'staffId' does not exist in type 'Transaction'.
src/components/shifts/steps/StepFinance.tsx(397,37): error TS2339: Property 'ownerName' does not exist on type 'Settings'.
src/components/shifts/steps/StepFinance.tsx(421,21): error TS2322: Type 'Transaction | { id: `${string}-${string}-${string}-${string}-${string}`; type: "DIGITAL_PAYMENT"; amount: number; method: string; accountId: string | undefined; accountName: string | undefined; timestamp: string; }' is not assignable to type 'Transaction'.
  Object literal may only specify known properties, and 'method' does not exist in type 'Transaction'.
src/components/shifts/steps/StepFinance.tsx(421,21): error TS2353: Object literal may only specify known properties, and 'method' does not exist in type 'Transaction'.
src/components/shifts/steps/StepFinance.tsx(439,17): error TS2322: Type 'Transaction | { id: `${string}-${string}-${string}-${string}-${string}`; type: "SUPPLIER_PAYMENT"; amount: number; supplierId: string; supplierName: string; timestamp: string; }' is not assignable to type 'Transaction'.
  Type '{ id: `${string}-${string}-${string}-${string}-${string}`; type: "SUPPLIER_PAYMENT"; amount: number; supplierId: string; supplierName: string; timestamp: string; }' is missing the following properties from type 'Transaction': tenantId, businessUnit
src/components/shifts/steps/StepFinance.tsx(440,17): error TS2739: Type '{ id: `${string}-${string}-${string}-${string}-${string}`; type: "SUPPLIER_PAYMENT"; amount: number; supplierId: string; supplierName: string; timestamp: string; }' is missing the following properties from type 'Transaction': tenantId, businessUnit
src/components/shifts/steps/StepTreasury.tsx(155,17): error TS2322: Type 'Transaction | { id: `${string}-${string}-${string}-${string}-${string}`; type: "BANK_DEPOSIT"; amount: number; accountId: string | undefined; accountName: string; timestamp: string; }' is not assignable to type 'Transaction'.
  Type '{ id: `${string}-${string}-${string}-${string}-${string}`; type: "BANK_DEPOSIT"; amount: number; accountId: string | undefined; accountName: string; timestamp: string; }' is missing the following properties from type 'Transaction': tenantId, businessUnit
src/components/shifts/steps/StepTreasury.tsx(156,17): error TS2739: Type '{ id: `${string}-${string}-${string}-${string}-${string}`; type: "BANK_DEPOSIT"; amount: number; accountId: string | undefined; accountName: string; timestamp: string; }' is missing the following properties from type 'Transaction': tenantId, businessUnit
src/lib/firebase.ts(3,5): error TS2305: Module '"firebase/auth"' has no exported member 'createUserWithEmailAndPassword'.
src/lib/firebase.ts(4,5): error TS2305: Module '"firebase/auth"' has no exported member 'signOut'.
src/lib/firebase.ts(5,5): error TS2305: Module '"firebase/auth"' has no exported member 'getAuth'.
src/lib/firebase.ts(6,5): error TS2305: Module '"firebase/auth"' has no exported member 'GoogleAuthProvider'.
src/lib/firebase.ts(7,5): error TS2305: Module '"firebase/auth"' has no exported member 'onAuthStateChanged'.
src/lib/firebase.ts(8,5): error TS2305: Module '"firebase/auth"' has no exported member 'sendEmailVerification'.
src/lib/firebase.ts(9,5): error TS2305: Module '"firebase/auth"' has no exported member 'sendPasswordResetEmail'.
src/lib/firebase.ts(10,5): error TS2305: Module '"firebase/auth"' has no exported member 'signInWithEmailAndPassword'.
src/lib/firebase.ts(11,5): error TS2305: Module '"firebase/auth"' has no exported member 'signInWithPopup'.
src/lib/firebase.ts(12,10): error TS2305: Module '"firebase/auth"' has no exported member 'User'.
src/lib/shiftLogic.ts(66,9): error TS2353: Object literal may only specify known properties, and 'totalAdvances' does not exist in type 'Partial<ShiftClosingWizardState>'.
src/pages/BackendTest.tsx(85,81): error TS2339: Property 'fullName' does not exist on type 'BackendUser | LocalUser'.
  Property 'fullName' does not exist on type 'LocalUser'.
src/pages/cng/CNGActivity.tsx(59,26): error TS6133: 'setFilterStatus' is declared but its value is never read.
src/pages/cng/CNGBanks.tsx(114,40): error TS2322: Type '"blue" | "slate"' is not assignable to type 'BadgeColor | undefined'.
  Type '"slate"' is not assignable to type 'BadgeColor | undefined'.
src/pages/cng/CNGDashboard.tsx(42,7): error TS6133: 'pressureData' is declared but its value is never read.
src/pages/cng/CNGDiscounts.tsx(19,13): error TS2339: Property 'currentUser' does not exist on type 'AuthState'.
src/pages/cng/CNGSettings.tsx(24,39): error TS2339: Property 'resetSettings' does not exist on type 'AuthState'.
src/pages/cng/CNGSettings.tsx(27,65): error TS2339: Property 'cngMeterIds' does not exist on type 'Settings'.
src/pages/cng/CNGSettings.tsx(34,30): error TS2353: Object literal may only specify known properties, and 'cngMeterIds' does not exist in type 'Partial<Settings>'.
src/pages/cng/CNGSettings.tsx(42,26): error TS2353: Object literal may only specify known properties, and 'cngMeterIds' does not exist in type 'Partial<Settings>'.
src/pages/cng/CNGSettings.tsx(46,44): error TS2339: Property 'taxConfig' does not exist on type 'Settings'.
src/pages/cng/CNGSettings.tsx(52,13): error TS2353: Object literal may only specify known properties, and 'taxConfig' does not exist in type 'Partial<Settings>'.
src/pages/cng/CNGSettings.tsx(57,44): error TS2339: Property 'taxConfig' does not exist on type 'Settings'.
src/pages/cng/CNGSettings.tsx(63,13): error TS2353: Object literal may only specify known properties, and 'taxConfig' does not exist in type 'Partial<Settings>'.
src/pages/cng/CNGSettings.tsx(68,44): error TS2339: Property 'taxConfig' does not exist on type 'Settings'.
src/pages/cng/CNGSettings.tsx(74,13): error TS2353: Object literal may only specify known properties, and 'taxConfig' does not exist in type 'Partial<Settings>'.
src/pages/cng/CNGSettings.tsx(134,65): error TS2339: Property 'taxConfig' does not exist on type 'Settings'.
src/pages/cng/CNGSettings.tsx(138,48): error TS2339: Property 'taxConfig' does not exist on type 'Settings'.
src/pages/cng/CNGSettings.tsx(144,62): error TS2339: Property 'taxConfig' does not exist on type 'Settings'.
src/pages/cng/CNGSettings.tsx(151,41): error TS2339: Property 'taxConfig' does not exist on type 'Settings'.
src/pages/cng/CNGSettings.tsx(184,68): error TS2339: Property 'taxConfig' does not exist on type 'Settings'.
src/pages/cng/CNGSettings.tsx(190,65): error TS2339: Property 'taxConfig' does not exist on type 'Settings'.
src/pages/cng/CNGSettings.tsx(205,72): error TS2339: Property 'taxConfig' does not exist on type 'Settings'.
src/pages/cng/CNGSettings.tsx(225,62): error TS2339: Property 'taxConfig' does not exist on type 'Settings'.
src/pages/cng/CNGSettings.tsx(262,49): error TS2339: Property 'businessName' does not exist on type 'Settings'.
src/pages/cng/CNGSettings.tsx(263,65): error TS2353: Object literal may only specify known properties, and 'businessName' does not exist in type 'Partial<Settings>'.
src/pages/cng/CNGSettings.tsx(274,53): error TS2339: Property 'businessPhone' does not exist on type 'Settings'.
src/pages/cng/CNGSettings.tsx(276,58): error TS2353: Object literal may only specify known properties, and 'businessPhone' does not exist in type 'Partial<Settings>'.
src/pages/cng/CNGSettings.tsx(297,49): error TS2339: Property 'businessLocation' does not exist on type 'Settings'.
src/pages/cng/CNGSettings.tsx(298,65): error TS2353: Object literal may only specify known properties, and 'businessLocation' does not exist in type 'Partial<Settings>'.
src/pages/cng/CNGSettings.tsx(329,49): error TS2339: Property 'easyPaisaAccount' does not exist on type 'Settings'.
src/pages/cng/CNGSettings.tsx(330,65): error TS2353: Object literal may only specify known properties, and 'easyPaisaAccount' does not exist in type 'Partial<Settings>'.
src/pages/cng/CNGSettings.tsx(336,49): error TS2339: Property 'jazzCashAccount' does not exist on type 'Settings'.
src/pages/cng/CNGSettings.tsx(337,65): error TS2353: Object literal may only specify known properties, and 'jazzCashAccount' does not exist in type 'Partial<Settings>'.
src/pages/cng/CNGStaff.tsx(8,11): error TS6133: 'users' is declared but its value is never read.
src/pages/cng/CNGStaff.tsx(46,32): error TS2304: Cannot find name 'searchTerm'.
src/pages/cng/CNGStaff.tsx(47,40): error TS2304: Cannot find name 'setSearchTerm'.
src/pages/cng/CNGStaff.tsx(54,18): error TS2304: Cannot find name 'filteredStaff'.
src/pages/cng/CNGStaff.tsx(54,37): error TS7006: Parameter 'staff' implicitly has an 'any' type.
src/pages/cng/CNGStaff.tsx(54,44): error TS7006: Parameter 'index' implicitly has an 'any' type.
src/pages/cng/CNGStaff.tsx(122,14): error TS2304: Cannot find name 'Modal'.
src/pages/cng/CNGStaff.tsx(128,22): error TS2552: Cannot find name 'Input'. Did you mean 'oninput'?
src/pages/cng/CNGStaff.tsx(132,35): error TS7006: Parameter 'e' implicitly has an 'any' type.
src/pages/cng/CNGStaff.tsx(134,22): error TS2552: Cannot find name 'Input'. Did you mean 'oninput'?
src/pages/cng/CNGStaff.tsx(138,35): error TS7006: Parameter 'e' implicitly has an 'any' type.
src/pages/cng/CNGStaff.tsx(149,15): error TS2304: Cannot find name 'Modal'.
src/pages/cng/CNGStaff.tsx(152,14): error TS2304: Cannot find name 'Modal'.
src/pages/cng/CNGStaff.tsx(215,15): error TS2304: Cannot find name 'Modal'.
src/pages/ConfigurationSettings.tsx(47,7): error TS6133: 'getStatusColor' is declared but its value is never read.
src/pages/ConfigurationSettings.tsx(71,7): error TS6133: 'getFillColor' is declared but its value is never read.
src/pages/ConfigurationSettings.tsx(88,11): error TS6133: 'configStore' is declared but its value is never read.
src/pages/ConfigurationSettings.tsx(308,49): error TS2322: Type '{ children: string; variant: string; className: string; }' is not assignable to type 'IntrinsicAttributes & BadgeProps'.
  Property 'variant' does not exist on type 'IntrinsicAttributes & BadgeProps'.
src/pages/ConfigurationSettings.tsx(314,49): error TS2322: Type '{ children: string; variant: string; className: string; }' is not assignable to type 'IntrinsicAttributes & BadgeProps'.
  Property 'variant' does not exist on type 'IntrinsicAttributes & BadgeProps'.
src/pages/ConfigurationSettings.tsx(320,49): error TS2322: Type '{ children: string; variant: string; className: string; }' is not assignable to type 'IntrinsicAttributes & BadgeProps'.
  Property 'variant' does not exist on type 'IntrinsicAttributes & BadgeProps'.
src/pages/ConfigurationSettings.tsx(326,49): error TS2322: Type '{ children: (string | number)[]; variant: string; className: string; }' is not assignable to type 'IntrinsicAttributes & BadgeProps'.
  Property 'variant' does not exist on type 'IntrinsicAttributes & BadgeProps'.
src/pages/ConfigurationSettings.tsx(398,9): error TS6133: 'calculateDaysUntilRefill' is declared but its value is never read.
src/pages/ConfigurationSettings.tsx(679,13): error TS2339: Property 'staff' does not exist on type 'StaffState'.
src/pages/ConfigurationSettings.tsx(720,41): error TS7006: Parameter 's' implicitly has an 'any' type.
src/pages/ConfigurationSettings.tsx(832,37): error TS7006: Parameter 's' implicitly has an 'any' type.
src/pages/ConfigurationSettings.tsx(833,34): error TS7006: Parameter 's' implicitly has an 'any' type.
src/pages/ConfigurationSettings.tsx(942,41): error TS2322: Type '"outline"' is not assignable to type 'ButtonVariant | undefined'.
src/pages/ConfigurationSettings.tsx(965,13): error TS2339: Property 'currentUser' does not exist on type 'AuthState'.
src/pages/ConfigurationSettings.tsx(999,21): error TS2322: Type '"outline"' is not assignable to type 'ButtonVariant | undefined'.
src/pages/ConfigurationSettings.tsx(1158,60): error TS2339: Property 'performedBy' does not exist on type 'RateChange'.
src/pages/ConfigurationSettings.tsx(1193,13): error TS2339: Property 'currentUser' does not exist on type 'AuthState'.
src/pages/ConfigurationSettings.tsx(1229,11): error TS6133: 'getSeverityColor' is declared but its value is never read.
src/pages/ConfigurationSettings.tsx(1248,33): error TS2322: Type '{ children: (string | number)[]; variant: string; className: string; }' is not assignable to type 'IntrinsicAttributes & BadgeProps'.
  Property 'variant' does not exist on type 'IntrinsicAttributes & BadgeProps'.
src/pages/Dashboard.tsx(433,63): error TS2339: Property 'totalAmount' does not exist on type 'Shift'.
src/pages/Dashboard.tsx(448,27): error TS2339: Property 'totalAmount' does not exist on type 'Shift'.
src/pages/Dashboard.tsx(527,63): error TS2339: Property 'totalAmount' does not exist on type 'Shift'.
src/pages/Dashboard.tsx(532,61): error TS2367: This comparison appears to be unintentional because the types '"MAINTENANCE" | "OPERATIONAL" | "FAULT"' and '"ACTIVE"' have no overlap.
src/pages/Dashboard.tsx(540,27): error TS2339: Property 'totalAmount' does not exist on type 'Shift'.
src/pages/Discounts.tsx(53,13): error TS2339: Property 'currentUser' does not exist on type 'AuthState'.
src/pages/financials/Customers.tsx(63,9): error TS2339: Property 'loadDemoData_unused' does not exist on type 'CustomerLedgerState'.
src/pages/financials/Customers.tsx(63,9): error TS6133: 'loadDemoData_unused' is declared but its value is never read.
src/pages/financials/Customers.tsx(104,21): error TS2345: Argument of type '{ stationId: string; status: "ACTIVE"; name: string; phone: string; email: string; cnic: string; creditLimit: number; paymentTerms: Customer["paymentTerms"]; }' is not assignable to parameter of type 'Omit<Customer, "currentBalance" | "createdAt" | "customerId">'.
  Property 'businessUnit' is missing in type '{ stationId: string; status: "ACTIVE"; name: string; phone: string; email: string; cnic: string; creditLimit: number; paymentTerms: Customer["paymentTerms"]; }' but required in type 'Omit<Customer, "currentBalance" | "createdAt" | "customerId">'.
src/pages/fuel/FuelDashboard.tsx(332,46): error TS2339: Property 'totalAmount' does not exist on type 'Shift'.
src/pages/fuel/FuelDashboard.tsx(333,46): error TS2339: Property 'totalAmount' does not exist on type 'Shift'.
src/pages/fuel/FuelDashboard.tsx(336,24): error TS2339: Property 'readings' does not exist on type 'Shift'.
src/pages/fuel/FuelDashboard.tsx(341,24): error TS2339: Property 'readings' does not exist on type 'Shift'.
src/pages/fuel/FuelDashboard.tsx(360,48): error TS2339: Property 'totalAmount' does not exist on type 'Shift'.
src/pages/fuel/FuelDashboard.tsx(362,55): error TS2339: Property 'totalAmount' does not exist on type 'Shift'.
src/pages/fuel/FuelDashboard.tsx(365,24): error TS2339: Property 'readings' does not exist on type 'Shift'.
src/pages/fuel/FuelDashboard.tsx(368,83): error TS2339: Property 'totalAmount' does not exist on type 'Shift'.
src/pages/fuel/FuelDashboard.tsx(404,35): error TS2339: Property 'totalAmount' does not exist on type 'Shift'.
src/pages/fuel/FuelDashboard.tsx(406,23): error TS2339: Property 'readings' does not exist on type 'Shift'.
src/pages/fuel/FuelDashboard.tsx(422,34): error TS2339: Property 'totalAmount' does not exist on type 'Shift'.
src/pages/fuel/FuelDashboard.tsx(484,51): error TS2339: Property 'totalAmount' does not exist on type 'Shift'.
src/pages/fuel/FuelDashboard.tsx(488,56): error TS2339: Property 'totalAmount' does not exist on type 'Shift'.
src/pages/fuel/FuelDashboard.tsx(844,44): error TS2339: Property 'name' does not exist on type 'BackendUser | LocalUser'.
  Property 'name' does not exist on type 'BackendUser'.
src/pages/fuel/FuelDashboard.tsx(1902,58): error TS2339: Property 'totalAmount' does not exist on type 'Shift'.
src/pages/fuel/PurchaseOrders.tsx(70,15): error TS2741: Property 'businessUnit' is missing in type '{ stationId: string; supplierId: string; supplierName: string; orderDate: string; expectedDate: string; items: POItem[]; subtotal: number; taxAmount: number; carriage: number; totalAmount: number; recordedProfit: number; status: "APPROVED"; createdBy: string; notes: string; }' but required in type 'Omit<PurchaseOrder, "createdAt" | "poId">'.
src/pages/fuel/Shifts.test.ts(17,21): error TS2339: Property 'loadDemoData' does not exist on type 'FuelState'.
src/pages/fuel/Shifts.test.ts(26,21): error TS2339: Property 'loadDemoData' does not exist on type 'FuelState'.
src/pages/fuel/Shifts.test.ts(51,37): error TS2339: Property 'loadDemoData' does not exist on type 'FuelState'.
src/pages/fuel/Shifts.test.ts(139,37): error TS2339: Property 'loadDemoData' does not exist on type 'FuelState'.
src/pages/fuel/Shifts.tsx(12,48): error TS6133: 'onNavigate' is declared but its value is never read.
src/pages/lube/CashBank.tsx(26,11): error TS6133: 'settings' is declared but its value is never read.
src/pages/lube/Credits.tsx(35,35): error TS2345: Argument of type '{ stationId: string; name: string; phone: string; cnic: string; creditLimit: number; paymentTerms: "NET_15" | "NET_30" | "NET_60"; status: "ACTIVE"; }' is not assignable to parameter of type 'Omit<Customer, "currentBalance" | "createdAt" | "customerId">'.
  Property 'businessUnit' is missing in type '{ stationId: string; name: string; phone: string; cnic: string; creditLimit: number; paymentTerms: "NET_15" | "NET_30" | "NET_60"; status: "ACTIVE"; }' but required in type 'Omit<Customer, "currentBalance" | "createdAt" | "customerId">'.
src/pages/lube/Dashboard.tsx(210,46): error TS6133: 'idx' is declared but its value is never read.
src/pages/lube/Dashboard.tsx(488,11): error TS6133: 'transactionChange' is declared but its value is never read.
src/pages/lube/Dashboard.tsx(497,11): error TS6133: 'customerChange' is declared but its value is never read.
src/pages/lube/Dashboard.tsx(535,59): error TS2339: Property 'price' does not exist on type 'SaleItem'.
src/pages/lube/Dashboard.tsx(547,46): error TS2345: Argument of type 'string | undefined' is not assignable to parameter of type 'string'.
  Type 'undefined' is not assignable to type 'string'.
src/pages/lube/Dashboard.tsx(548,29): error TS2345: Argument of type 'string | undefined' is not assignable to parameter of type 'string'.
  Type 'undefined' is not assignable to type 'string'.
src/pages/lube/Expenses.tsx(28,11): error TS6133: 'settings' is declared but its value is never read.
src/pages/lube/LubeSettings.tsx(27,39): error TS2339: Property 'resetSettings' does not exist on type 'AuthState'.
src/pages/lube/LubeSettings.tsx(39,44): error TS2339: Property 'taxConfig' does not exist on type 'Settings'.
src/pages/lube/LubeSettings.tsx(45,13): error TS2353: Object literal may only specify known properties, and 'taxConfig' does not exist in type 'Partial<Settings>'.
src/pages/lube/LubeSettings.tsx(50,44): error TS2339: Property 'taxConfig' does not exist on type 'Settings'.
src/pages/lube/LubeSettings.tsx(56,13): error TS2353: Object literal may only specify known properties, and 'taxConfig' does not exist in type 'Partial<Settings>'.
src/pages/lube/LubeSettings.tsx(61,44): error TS2339: Property 'taxConfig' does not exist on type 'Settings'.
src/pages/lube/LubeSettings.tsx(67,13): error TS2353: Object literal may only specify known properties, and 'taxConfig' does not exist in type 'Partial<Settings>'.
src/pages/lube/LubeSettings.tsx(185,65): error TS2339: Property 'taxConfig' does not exist on type 'Settings'.
src/pages/lube/LubeSettings.tsx(188,48): error TS2339: Property 'taxConfig' does not exist on type 'Settings'.
src/pages/lube/LubeSettings.tsx(195,52): error TS2339: Property 'taxConfig' does not exist on type 'Settings'.
src/pages/lube/LubeSettings.tsx(203,37): error TS2339: Property 'taxConfig' does not exist on type 'Settings'.
src/pages/lube/LubeSettings.tsx(214,60): error TS2339: Property 'taxConfig' does not exist on type 'Settings'.
src/pages/lube/LubeSettings.tsx(228,60): error TS2339: Property 'taxConfig' does not exist on type 'Settings'.
src/pages/lube/LubeSettings.tsx(246,54): error TS2339: Property 'taxConfig' does not exist on type 'Settings'.
src/pages/lube/LubeSettings.tsx(390,45): error TS2339: Property 'businessName' does not exist on type 'Settings'.
src/pages/lube/LubeSettings.tsx(391,61): error TS2353: Object literal may only specify known properties, and 'businessName' does not exist in type 'Partial<Settings>'.
src/pages/lube/LubeSettings.tsx(398,49): error TS2339: Property 'businessPhone' does not exist on type 'Settings'.
src/pages/lube/LubeSettings.tsx(399,65): error TS2353: Object literal may only specify known properties, and 'businessPhone' does not exist in type 'Partial<Settings>'.
src/pages/lube/LubeSettings.tsx(412,45): error TS2339: Property 'businessLocation' does not exist on type 'Settings'.
src/pages/lube/LubeSettings.tsx(413,61): error TS2353: Object literal may only specify known properties, and 'businessLocation' does not exist in type 'Partial<Settings>'.
src/pages/lube/LubeSettings.tsx(508,49): error TS2339: Property 'currency' does not exist on type 'Settings'.
src/pages/lube/LubeSettings.tsx(509,65): error TS2353: Object literal may only specify known properties, and 'currency' does not exist in type 'Partial<Settings>'.
src/pages/lube/LubeSettings.tsx(774,49): error TS2339: Property 'currentUser' does not exist on type 'AuthState'.
src/pages/lube/LubeSettings.tsx(834,49): error TS2339: Property 'clearAllData' does not exist on type 'AuthState'.
src/pages/lube/Products.tsx(135,21): error TS2322: Type 'string' is not assignable to type '"FUEL" | "LUBE" | "CNG"'.
src/pages/lube/PurchaseOrders.tsx(90,15): error TS2741: Property 'businessUnit' is missing in type '{ stationId: string; supplierId: string; supplierName: string; orderDate: string; expectedDate: string; items: { receivedQty: number; subtotal: number; margin: number; productId: string; productName: string; sku: string; quantity: number; purchaseRate: number; salePrice: number; }[]; ... 7 more ...; notes: string; }' but required in type 'Omit<PurchaseOrder, "createdAt" | "poId">'.
src/pages/lube/Suppliers.tsx(96,81): error TS2339: Property 'category' does not exist on type 'Supplier'.
src/pages/staff/StaffAccounts.tsx(13,13): error TS2339: Property 'currentUser' does not exist on type 'AuthState'.
src/stores/accountingStore.ts(79,21): error TS2322: Type 'string' is not assignable to type '"FUEL" | "LUBE" | "CNG"'.
src/stores/accountingStore.ts(100,21): error TS2322: Type 'string' is not assignable to type '"FUEL" | "LUBE" | "CNG"'.
src/stores/accountingStore.ts(126,21): error TS2322: Type 'string' is not assignable to type '"FUEL" | "LUBE" | "CNG"'.
src/stores/backendFuelStore.ts(91,67): error TS6133: 'get' is declared but its value is never read.
src/stores/backendFuelStore.ts(248,54): error TS2345: Argument of type '{ stationId: string; shiftId?: string | undefined; pumpId?: string | undefined; fuelType: string; quantityLiters: number; ratePerLiter: number; totalAmount: number; paymentMethod: string; customerId?: string | undefined; }' is not assignable to parameter of type 'CreateFuelSaleRequest'.
  Types of property 'shiftId' are incompatible.
    Type 'string | undefined' is not assignable to type 'string'.
      Type 'undefined' is not assignable to type 'string'.
src/stores/cngStore.ts(96,9): error TS2353: Object literal may only specify known properties, and 'fuelType' does not exist in type 'Nozzle'.
src/stores/cngStore.ts(107,9): error TS2353: Object literal may only specify known properties, and 'fuelType' does not exist in type 'Nozzle'.
src/stores/dataStores.ts(374,51): error TS2352: Conversion of type '{ attendanceId: string; userId: string; userName: string; stationId: string; date: string; clockIn: string; status: "ON_TIME"; totalHours: number; overtimeHours: number; businessUnit: string; }' to type 'Attendance' may be a mistake because neither type sufficiently overlaps with the other. If this was intentional, convert the expression to 'unknown' first.
  Types of property 'status' are incompatible.
    Type '"ON_TIME"' is not comparable to type 'AttendanceStatus'.
src/stores/dataStores.ts(400,46): error TS2769: No overload matches this call.
  Overload 1 of 4, '(value: string | number | Date): Date', gave the following error.
    Argument of type 'string | undefined' is not assignable to parameter of type 'string | number | Date'.
      Type 'undefined' is not assignable to type 'string | number | Date'.
  Overload 2 of 4, '(value: string | number): Date', gave the following error.
    Argument of type 'string | undefined' is not assignable to parameter of type 'string | number'.
      Type 'undefined' is not assignable to type 'string | number'.
src/stores/dataStores.ts(451,15): error TS6133: 'get' is declared but its value is never read.
src/stores/ledgerStore.ts(72,21): error TS2322: Type 'string' is not assignable to type '"FUEL" | "LUBE" | "CNG"'.
src/stores/ledgerStore.ts(249,21): error TS2322: Type 'string' is not assignable to type '"FUEL" | "LUBE" | "CNG"'.
src/stores/ledgerStore.ts(443,21): error TS2322: Type 'string' is not assignable to type '"FUEL" | "LUBE" | "CNG"'.
src/stores/productStore.ts(60,21): error TS2322: Type 'string' is not assignable to type '"FUEL" | "LUBE" | "CNG"'.
src/stores/productStore.ts(314,21): error TS2322: Type 'string' is not assignable to type '"FUEL" | "LUBE" | "CNG"'.
src/stores/productStore.ts(395,21): error TS2322: Type 'string' is not assignable to type '"FUEL" | "LUBE" | "CNG"'.
src/stores/rateImpactStore.ts(182,30): error TS6133: 'rateChangeId' is declared but its value is never read.
src/tests/business-unit-isolation.test.ts(35,64): error TS2353: Object literal may only specify known properties, and 'currency' does not exist in type 'Settings'.
src/tests/business-unit-isolation.test.ts(37,56): error TS2353: Object literal may only specify known properties, and 'mappedNozzles' does not exist in type 'FuelState | Partial<FuelState> | ((state: FuelState) => FuelState | Partial<FuelState>)'.
src/tests/business-unit-isolation.test.ts(47,64): error TS2353: Object literal may only specify known properties, and 'currency' does not exist in type 'Settings'.
src/tests/business-unit-isolation.test.ts(58,17): error TS2339: Property 'addTank' does not exist on type 'FuelState'.
src/tests/business-unit-isolation.test.ts(88,63): error TS2353: Object literal may only specify known properties, and 'currency' does not exist in type 'Settings'.
src/tests/business-unit-isolation.test.ts(113,64): error TS2353: Object literal may only specify known properties, and 'currency' does not exist in type 'Settings'.
src/tests/business-unit-isolation.test.ts(137,64): error TS2353: Object literal may only specify known properties, and 'currency' does not exist in type 'Settings'.
src/tests/business-unit-isolation.test.ts(144,63): error TS2353: Object literal may only specify known properties, and 'currency' does not exist in type 'Settings'.
src/tests/header.test.tsx(3,30): error TS2307: Cannot find module './src/components/layout/GlobalHeader' or its corresponding type declarations.
src/tests/header.test.tsx(7,15): error TS6133: 'container' is declared but its value is never read.
